// Jest Snapshot v1, https://goo.gl/fbAQLP

exports[`Main Error Display 1`] = `null`;
