// Jest Snapshot v1, https://goo.gl/fbAQLP

exports[`Modal Display 1`] = `
<span>
  <span>
    <div>
      Trigger
    </div>
  </span>
</span>
`;
